#-----------------------------------------------------------
# Vivado v2023.1 (64-bit)
# SW Build 3865809 on Sun May  7 15:04:56 MDT 2023
# IP Build 3864474 on Sun May  7 20:36:21 MDT 2023
# SharedData Build 3865790 on Sun May 07 13:33:03 MDT 2023
# Start of session at: Tue Sep 26 12:15:38 2023
# Process ID: 16149
# Current directory: /home/markus/uni/ESD3_project/code
# Command line: vivado
# Log file: /home/markus/uni/ESD3_project/code/vivado.log
# Journal file: /home/markus/uni/ESD3_project/code/vivado.jou
# Running On: mltop, OS: Linux, CPU Frequency: 3798.543 MHz, CPU Physical cores: 4, Host memory: 16639 MB
#-----------------------------------------------------------
start_gui
open_project /home/markus/uni/ESD3_project/code/cmod_sha256/cmod_sha256.xpr
update_compile_order -fileset sources_1
launch_simulation
source sha256_core_tb.tcl
restart
run 3 us
restart
run 3 us
save_wave_config {/home/markus/uni/ESD3_project/code/cmod_sha256/sha256_core_simulation.wcfg}
add_files -fileset sim_1 -norecurse /home/markus/uni/ESD3_project/code/cmod_sha256/sha256_core_simulation.wcfg
set_property xsim.view /home/markus/uni/ESD3_project/code/cmod_sha256/sha256_core_simulation.wcfg [get_filesets sim_1]
close_sim
